Archive member included to satisfy reference by file (symbol)

c:/program files (x86)/atmel/studio/7.0/toolchain/avr8/avr8-gnu-toolchain/bin/../lib/gcc/avr/4.9.2/avr6\libgcc.a(_exit.o)
                              C:/Program Files (x86)/Atmel/Studio/7.0/Packs/atmel/ATmega_DFP/1.0.106/gcc/dev/atmega2560/avr6/crtatmega2560.o (exit)
c:/program files (x86)/atmel/studio/7.0/toolchain/avr8/avr8-gnu-toolchain/bin/../lib/gcc/avr/4.9.2/avr6\libgcc.a(_copy_data.o)
                              main.o (__do_copy_data)
c:/program files (x86)/atmel/studio/7.0/toolchain/avr8/avr8-gnu-toolchain/bin/../lib/gcc/avr/4.9.2/avr6\libgcc.a(_clear_bss.o)
                              main.o (__do_clear_bss)
c:/program files (x86)/atmel/studio/7.0/toolchain/avr8/avr8-gnu-toolchain/bin/../lib/gcc/avr/4.9.2/../../../../avr/lib/avr6\libc.a(strncpy.o)
                              main.o (strncpy)
c:/program files (x86)/atmel/studio/7.0/toolchain/avr8/avr8-gnu-toolchain/bin/../lib/gcc/avr/4.9.2/../../../../avr/lib/avr6\libc.a(itoa_ncheck.o)
                              main.o (__itoa_ncheck)
c:/program files (x86)/atmel/studio/7.0/toolchain/avr8/avr8-gnu-toolchain/bin/../lib/gcc/avr/4.9.2/../../../../avr/lib/avr6\libc.a(utoa_ncheck.o)
                              c:/program files (x86)/atmel/studio/7.0/toolchain/avr8/avr8-gnu-toolchain/bin/../lib/gcc/avr/4.9.2/../../../../avr/lib/avr6\libc.a(itoa_ncheck.o) (__utoa_common)
c:/program files (x86)/atmel/studio/7.0/toolchain/avr8/avr8-gnu-toolchain/bin/../lib/gcc/avr/4.9.2/../../../../avr/lib/avr6\libc.a(sprintf.o)
                              mylib/diagnostic.o (sprintf)
c:/program files (x86)/atmel/studio/7.0/toolchain/avr8/avr8-gnu-toolchain/bin/../lib/gcc/avr/4.9.2/../../../../avr/lib/avr6\libc.a(vfprintf_std.o)
                              c:/program files (x86)/atmel/studio/7.0/toolchain/avr8/avr8-gnu-toolchain/bin/../lib/gcc/avr/4.9.2/../../../../avr/lib/avr6\libc.a(sprintf.o) (vfprintf)
c:/program files (x86)/atmel/studio/7.0/toolchain/avr8/avr8-gnu-toolchain/bin/../lib/gcc/avr/4.9.2/../../../../avr/lib/avr6\libc.a(strnlen_P.o)
                              c:/program files (x86)/atmel/studio/7.0/toolchain/avr8/avr8-gnu-toolchain/bin/../lib/gcc/avr/4.9.2/../../../../avr/lib/avr6\libc.a(vfprintf_std.o) (strnlen_P)
c:/program files (x86)/atmel/studio/7.0/toolchain/avr8/avr8-gnu-toolchain/bin/../lib/gcc/avr/4.9.2/../../../../avr/lib/avr6\libc.a(strnlen.o)
                              c:/program files (x86)/atmel/studio/7.0/toolchain/avr8/avr8-gnu-toolchain/bin/../lib/gcc/avr/4.9.2/../../../../avr/lib/avr6\libc.a(vfprintf_std.o) (strnlen)
c:/program files (x86)/atmel/studio/7.0/toolchain/avr8/avr8-gnu-toolchain/bin/../lib/gcc/avr/4.9.2/../../../../avr/lib/avr6\libc.a(strrev.o)
                              c:/program files (x86)/atmel/studio/7.0/toolchain/avr8/avr8-gnu-toolchain/bin/../lib/gcc/avr/4.9.2/../../../../avr/lib/avr6\libc.a(utoa_ncheck.o) (strrev)
c:/program files (x86)/atmel/studio/7.0/toolchain/avr8/avr8-gnu-toolchain/bin/../lib/gcc/avr/4.9.2/../../../../avr/lib/avr6\libc.a(fputc.o)
                              c:/program files (x86)/atmel/studio/7.0/toolchain/avr8/avr8-gnu-toolchain/bin/../lib/gcc/avr/4.9.2/../../../../avr/lib/avr6\libc.a(vfprintf_std.o) (fputc)
c:/program files (x86)/atmel/studio/7.0/toolchain/avr8/avr8-gnu-toolchain/bin/../lib/gcc/avr/4.9.2/../../../../avr/lib/avr6\libc.a(ultoa_invert.o)
                              c:/program files (x86)/atmel/studio/7.0/toolchain/avr8/avr8-gnu-toolchain/bin/../lib/gcc/avr/4.9.2/../../../../avr/lib/avr6\libc.a(vfprintf_std.o) (__ultoa_invert)

Allocating common symbols
Common symbol       size              file

g_iCheckPointArrayIndex
                    0x1               main.o
pcf8574_pinstatus   0x8               main.o
g_iCheckpointArray  0x7d0             main.o

Discarded input sections

 .data          0x00000000        0x0 C:/Program Files (x86)/Atmel/Studio/7.0/Packs/atmel/ATmega_DFP/1.0.106/gcc/dev/atmega2560/avr6/crtatmega2560.o
 .bss           0x00000000        0x0 C:/Program Files (x86)/Atmel/Studio/7.0/Packs/atmel/ATmega_DFP/1.0.106/gcc/dev/atmega2560/avr6/crtatmega2560.o
 .text          0x00000000        0x0 main.o
 .data          0x00000000        0x0 main.o
 .bss           0x00000000        0x0 main.o
 .text.Enable_Btn_INTs
                0x00000000        0x6 main.o
 .text.Disable_Btn_INTs
                0x00000000        0x4 main.o
 .text.change_adc_channel
                0x00000000        0x6 main.o
 .text.handle_events
                0x00000000       0x6c main.o
 .text          0x00000000        0x0 mylib/adc_library.o
 .data          0x00000000        0x0 mylib/adc_library.o
 .bss           0x00000000        0x0 mylib/adc_library.o
 .text          0x00000000        0x0 mylib/diagnostic.o
 .data          0x00000000        0x0 mylib/diagnostic.o
 .bss           0x00000000        0x0 mylib/diagnostic.o
 .text.ConfigureTimer4_for_1msPrecisionCheckPointing
                0x00000000       0x2c mylib/diagnostic.o
 .text.Initialise_TimingDiagnostic
                0x00000000        0x6 mylib/diagnostic.o
 .text.TimingDiagnostic_ResetTimer4
                0x00000000        0xa mylib/diagnostic.o
 .text.TimingDiagnostic_CheckPoint
                0x00000000       0x28 mylib/diagnostic.o
 .rodata.str1.1
                0x00000000       0x20 mylib/diagnostic.o
 .text.TimingDiagnostic_Display_CheckPoint_DataViaUSART0
                0x00000000      0x118 mylib/diagnostic.o
 .debug_info    0x00000000      0x394 mylib/diagnostic.o
 .debug_abbrev  0x00000000      0x21d mylib/diagnostic.o
 .debug_loc     0x00000000      0x21a mylib/diagnostic.o
 .debug_aranges
                0x00000000       0x40 mylib/diagnostic.o
 .debug_ranges  0x00000000       0x60 mylib/diagnostic.o
 .debug_line    0x00000000      0x1d3 mylib/diagnostic.o
 .debug_str     0x00000000      0x33a mylib/diagnostic.o
 .comment       0x00000000       0x31 mylib/diagnostic.o
 .debug_frame   0x00000000       0xc8 mylib/diagnostic.o
 .text          0x00000000        0x0 mylib/lcdpcf8574.o
 .data          0x00000000        0x0 mylib/lcdpcf8574.o
 .bss           0x00000000        0x0 mylib/lcdpcf8574.o
 .text.lcd_data
                0x00000000       0x14 mylib/lcdpcf8574.o
 .text.lcd_getxy
                0x00000000        0x8 mylib/lcdpcf8574.o
 .text.lcd_puts_p
                0x00000000       0x24 mylib/lcdpcf8574.o
 .text          0x00000000        0x0 mylib/pcf8574.o
 .data          0x00000000        0x0 mylib/pcf8574.o
 .bss           0x00000000        0x0 mylib/pcf8574.o
 .text.pcf8574_getoutput
                0x00000000       0x14 mylib/pcf8574.o
 .text.pcf8574_setoutputpins
                0x00000000       0x8a mylib/pcf8574.o
 .text.pcf8574_getinput
                0x00000000       0x2a mylib/pcf8574.o
 .text.pcf8574_getinputpin
                0x00000000       0x32 mylib/pcf8574.o
 .text          0x00000000        0x0 mylib/pwm_library.o
 .data          0x00000000        0x0 mylib/pwm_library.o
 .bss           0x00000000        0x0 mylib/pwm_library.o
 .text.changePWMDutyCycle
                0x00000000       0x2e mylib/pwm_library.o
 .text.enableInvertingPWM
                0x00000000       0x5a mylib/pwm_library.o
 .text          0x00000000        0x0 mylib/twimaster.o
 .data          0x00000000        0x0 mylib/twimaster.o
 .bss           0x00000000        0x0 mylib/twimaster.o
 .text.i2c_start_wait
                0x00000000       0x50 mylib/twimaster.o
 .text.i2c_rep_start
                0x00000000        0x6 mylib/twimaster.o
 .text.i2c_readAck
                0x00000000       0x16 mylib/twimaster.o
 .text.i2c_readNak
                0x00000000       0x16 mylib/twimaster.o
 .text          0x00000000        0x0 mylib/usart_library.o
 .data          0x00000000        0x0 mylib/usart_library.o
 .bss           0x00000000        0x0 mylib/usart_library.o
 .text.USART_SETUP_9600_BAUD_ASSUME_1MHz_CLOCK
                0x00000000       0x1e mylib/usart_library.o
 .text.USART0_TX_SingleByte
                0x00000000       0x10 mylib/usart_library.o
 .text.USART0_TX_String
                0x00000000       0x44 mylib/usart_library.o
 .rodata.str1.1
                0x00000000       0xcc mylib/usart_library.o
 .text.USART0_DisplayBanner_Head
                0x00000000       0x1a mylib/usart_library.o
 .text.USART0_DisplayBanner_Tail
                0x00000000        0xa mylib/usart_library.o
 .text          0x00000000        0x0 c:/program files (x86)/atmel/studio/7.0/toolchain/avr8/avr8-gnu-toolchain/bin/../lib/gcc/avr/4.9.2/avr6\libgcc.a(_exit.o)
 .data          0x00000000        0x0 c:/program files (x86)/atmel/studio/7.0/toolchain/avr8/avr8-gnu-toolchain/bin/../lib/gcc/avr/4.9.2/avr6\libgcc.a(_exit.o)
 .bss           0x00000000        0x0 c:/program files (x86)/atmel/studio/7.0/toolchain/avr8/avr8-gnu-toolchain/bin/../lib/gcc/avr/4.9.2/avr6\libgcc.a(_exit.o)
 .text.libgcc.mul
                0x00000000        0x0 c:/program files (x86)/atmel/studio/7.0/toolchain/avr8/avr8-gnu-toolchain/bin/../lib/gcc/avr/4.9.2/avr6\libgcc.a(_exit.o)
 .text.libgcc.div
                0x00000000        0x0 c:/program files (x86)/atmel/studio/7.0/toolchain/avr8/avr8-gnu-toolchain/bin/../lib/gcc/avr/4.9.2/avr6\libgcc.a(_exit.o)
 .text.libgcc   0x00000000        0x0 c:/program files (x86)/atmel/studio/7.0/toolchain/avr8/avr8-gnu-toolchain/bin/../lib/gcc/avr/4.9.2/avr6\libgcc.a(_exit.o)
 .text.libgcc.prologue
                0x00000000        0x0 c:/program files (x86)/atmel/studio/7.0/toolchain/avr8/avr8-gnu-toolchain/bin/../lib/gcc/avr/4.9.2/avr6\libgcc.a(_exit.o)
 .text.libgcc.builtins
                0x00000000        0x0 c:/program files (x86)/atmel/studio/7.0/toolchain/avr8/avr8-gnu-toolchain/bin/../lib/gcc/avr/4.9.2/avr6\libgcc.a(_exit.o)
 .text.libgcc.fmul
                0x00000000        0x0 c:/program files (x86)/atmel/studio/7.0/toolchain/avr8/avr8-gnu-toolchain/bin/../lib/gcc/avr/4.9.2/avr6\libgcc.a(_exit.o)
 .text.libgcc.fixed
                0x00000000        0x0 c:/program files (x86)/atmel/studio/7.0/toolchain/avr8/avr8-gnu-toolchain/bin/../lib/gcc/avr/4.9.2/avr6\libgcc.a(_exit.o)
 .text          0x00000000        0x0 c:/program files (x86)/atmel/studio/7.0/toolchain/avr8/avr8-gnu-toolchain/bin/../lib/gcc/avr/4.9.2/avr6\libgcc.a(_copy_data.o)
 .data          0x00000000        0x0 c:/program files (x86)/atmel/studio/7.0/toolchain/avr8/avr8-gnu-toolchain/bin/../lib/gcc/avr/4.9.2/avr6\libgcc.a(_copy_data.o)
 .bss           0x00000000        0x0 c:/program files (x86)/atmel/studio/7.0/toolchain/avr8/avr8-gnu-toolchain/bin/../lib/gcc/avr/4.9.2/avr6\libgcc.a(_copy_data.o)
 .text.libgcc.mul
                0x00000000        0x0 c:/program files (x86)/atmel/studio/7.0/toolchain/avr8/avr8-gnu-toolchain/bin/../lib/gcc/avr/4.9.2/avr6\libgcc.a(_copy_data.o)
 .text.libgcc.div
                0x00000000        0x0 c:/program files (x86)/atmel/studio/7.0/toolchain/avr8/avr8-gnu-toolchain/bin/../lib/gcc/avr/4.9.2/avr6\libgcc.a(_copy_data.o)
 .text.libgcc   0x00000000        0x0 c:/program files (x86)/atmel/studio/7.0/toolchain/avr8/avr8-gnu-toolchain/bin/../lib/gcc/avr/4.9.2/avr6\libgcc.a(_copy_data.o)
 .text.libgcc.prologue
                0x00000000        0x0 c:/program files (x86)/atmel/studio/7.0/toolchain/avr8/avr8-gnu-toolchain/bin/../lib/gcc/avr/4.9.2/avr6\libgcc.a(_copy_data.o)
 .text.libgcc.builtins
                0x00000000        0x0 c:/program files (x86)/atmel/studio/7.0/toolchain/avr8/avr8-gnu-toolchain/bin/../lib/gcc/avr/4.9.2/avr6\libgcc.a(_copy_data.o)
 .text.libgcc.fmul
                0x00000000        0x0 c:/program files (x86)/atmel/studio/7.0/toolchain/avr8/avr8-gnu-toolchain/bin/../lib/gcc/avr/4.9.2/avr6\libgcc.a(_copy_data.o)
 .text.libgcc.fixed
                0x00000000        0x0 c:/program files (x86)/atmel/studio/7.0/toolchain/avr8/avr8-gnu-toolchain/bin/../lib/gcc/avr/4.9.2/avr6\libgcc.a(_copy_data.o)
 .text          0x00000000        0x0 c:/program files (x86)/atmel/studio/7.0/toolchain/avr8/avr8-gnu-toolchain/bin/../lib/gcc/avr/4.9.2/avr6\libgcc.a(_clear_bss.o)
 .data          0x00000000        0x0 c:/program files (x86)/atmel/studio/7.0/toolchain/avr8/avr8-gnu-toolchain/bin/../lib/gcc/avr/4.9.2/avr6\libgcc.a(_clear_bss.o)
 .bss           0x00000000        0x0 c:/program files (x86)/atmel/studio/7.0/toolchain/avr8/avr8-gnu-toolchain/bin/../lib/gcc/avr/4.9.2/avr6\libgcc.a(_clear_bss.o)
 .text.libgcc.mul
                0x00000000        0x0 c:/program files (x86)/atmel/studio/7.0/toolchain/avr8/avr8-gnu-toolchain/bin/../lib/gcc/avr/4.9.2/avr6\libgcc.a(_clear_bss.o)
 .text.libgcc.div
                0x00000000        0x0 c:/program files (x86)/atmel/studio/7.0/toolchain/avr8/avr8-gnu-toolchain/bin/../lib/gcc/avr/4.9.2/avr6\libgcc.a(_clear_bss.o)
 .text.libgcc   0x00000000        0x0 c:/program files (x86)/atmel/studio/7.0/toolchain/avr8/avr8-gnu-toolchain/bin/../lib/gcc/avr/4.9.2/avr6\libgcc.a(_clear_bss.o)
 .text.libgcc.prologue
                0x00000000        0x0 c:/program files (x86)/atmel/studio/7.0/toolchain/avr8/avr8-gnu-toolchain/bin/../lib/gcc/avr/4.9.2/avr6\libgcc.a(_clear_bss.o)
 .text.libgcc.builtins
                0x00000000        0x0 c:/program files (x86)/atmel/studio/7.0/toolchain/avr8/avr8-gnu-toolchain/bin/../lib/gcc/avr/4.9.2/avr6\libgcc.a(_clear_bss.o)
 .text.libgcc.fmul
                0x00000000        0x0 c:/program files (x86)/atmel/studio/7.0/toolchain/avr8/avr8-gnu-toolchain/bin/../lib/gcc/avr/4.9.2/avr6\libgcc.a(_clear_bss.o)
 .text.libgcc.fixed
                0x00000000        0x0 c:/program files (x86)/atmel/studio/7.0/toolchain/avr8/avr8-gnu-toolchain/bin/../lib/gcc/avr/4.9.2/avr6\libgcc.a(_clear_bss.o)
 .text          0x00000000        0x0 c:/program files (x86)/atmel/studio/7.0/toolchain/avr8/avr8-gnu-toolchain/bin/../lib/gcc/avr/4.9.2/../../../../avr/lib/avr6\libc.a(strncpy.o)
 .data          0x00000000        0x0 c:/program files (x86)/atmel/studio/7.0/toolchain/avr8/avr8-gnu-toolchain/bin/../lib/gcc/avr/4.9.2/../../../../avr/lib/avr6\libc.a(strncpy.o)
 .bss           0x00000000        0x0 c:/program files (x86)/atmel/studio/7.0/toolchain/avr8/avr8-gnu-toolchain/bin/../lib/gcc/avr/4.9.2/../../../../avr/lib/avr6\libc.a(strncpy.o)
 .text          0x00000000        0x0 c:/program files (x86)/atmel/studio/7.0/toolchain/avr8/avr8-gnu-toolchain/bin/../lib/gcc/avr/4.9.2/../../../../avr/lib/avr6\libc.a(itoa_ncheck.o)
 .data          0x00000000        0x0 c:/program files (x86)/atmel/studio/7.0/toolchain/avr8/avr8-gnu-toolchain/bin/../lib/gcc/avr/4.9.2/../../../../avr/lib/avr6\libc.a(itoa_ncheck.o)
 .bss           0x00000000        0x0 c:/program files (x86)/atmel/studio/7.0/toolchain/avr8/avr8-gnu-toolchain/bin/../lib/gcc/avr/4.9.2/../../../../avr/lib/avr6\libc.a(itoa_ncheck.o)
 .text          0x00000000        0x0 c:/program files (x86)/atmel/studio/7.0/toolchain/avr8/avr8-gnu-toolchain/bin/../lib/gcc/avr/4.9.2/../../../../avr/lib/avr6\libc.a(utoa_ncheck.o)
 .data          0x00000000        0x0 c:/program files (x86)/atmel/studio/7.0/toolchain/avr8/avr8-gnu-toolchain/bin/../lib/gcc/avr/4.9.2/../../../../avr/lib/avr6\libc.a(utoa_ncheck.o)
 .bss           0x00000000        0x0 c:/program files (x86)/atmel/studio/7.0/toolchain/avr8/avr8-gnu-toolchain/bin/../lib/gcc/avr/4.9.2/../../../../avr/lib/avr6\libc.a(utoa_ncheck.o)
 .text          0x00000000        0x0 c:/program files (x86)/atmel/studio/7.0/toolchain/avr8/avr8-gnu-toolchain/bin/../lib/gcc/avr/4.9.2/../../../../avr/lib/avr6\libc.a(sprintf.o)
 .data          0x00000000        0x0 c:/program files (x86)/atmel/studio/7.0/toolchain/avr8/avr8-gnu-toolchain/bin/../lib/gcc/avr/4.9.2/../../../../avr/lib/avr6\libc.a(sprintf.o)
 .bss           0x00000000        0x0 c:/program files (x86)/atmel/studio/7.0/toolchain/avr8/avr8-gnu-toolchain/bin/../lib/gcc/avr/4.9.2/../../../../avr/lib/avr6\libc.a(sprintf.o)
 .text.avr-libc
                0x00000000       0x60 c:/program files (x86)/atmel/studio/7.0/toolchain/avr8/avr8-gnu-toolchain/bin/../lib/gcc/avr/4.9.2/../../../../avr/lib/avr6\libc.a(sprintf.o)
 .comment       0x00000000       0x31 c:/program files (x86)/atmel/studio/7.0/toolchain/avr8/avr8-gnu-toolchain/bin/../lib/gcc/avr/4.9.2/../../../../avr/lib/avr6\libc.a(sprintf.o)
 .text          0x00000000        0x0 c:/program files (x86)/atmel/studio/7.0/toolchain/avr8/avr8-gnu-toolchain/bin/../lib/gcc/avr/4.9.2/../../../../avr/lib/avr6\libc.a(vfprintf_std.o)
 .data          0x00000000        0x0 c:/program files (x86)/atmel/studio/7.0/toolchain/avr8/avr8-gnu-toolchain/bin/../lib/gcc/avr/4.9.2/../../../../avr/lib/avr6\libc.a(vfprintf_std.o)
 .bss           0x00000000        0x0 c:/program files (x86)/atmel/studio/7.0/toolchain/avr8/avr8-gnu-toolchain/bin/../lib/gcc/avr/4.9.2/../../../../avr/lib/avr6\libc.a(vfprintf_std.o)
 .text.avr-libc
                0x00000000      0x3f6 c:/program files (x86)/atmel/studio/7.0/toolchain/avr8/avr8-gnu-toolchain/bin/../lib/gcc/avr/4.9.2/../../../../avr/lib/avr6\libc.a(vfprintf_std.o)
 .comment       0x00000000       0x2d c:/program files (x86)/atmel/studio/7.0/toolchain/avr8/avr8-gnu-toolchain/bin/../lib/gcc/avr/4.9.2/../../../../avr/lib/avr6\libc.a(vfprintf_std.o)
 .text          0x00000000        0x0 c:/program files (x86)/atmel/studio/7.0/toolchain/avr8/avr8-gnu-toolchain/bin/../lib/gcc/avr/4.9.2/../../../../avr/lib/avr6\libc.a(strnlen_P.o)
 .data          0x00000000        0x0 c:/program files (x86)/atmel/studio/7.0/toolchain/avr8/avr8-gnu-toolchain/bin/../lib/gcc/avr/4.9.2/../../../../avr/lib/avr6\libc.a(strnlen_P.o)
 .bss           0x00000000        0x0 c:/program files (x86)/atmel/studio/7.0/toolchain/avr8/avr8-gnu-toolchain/bin/../lib/gcc/avr/4.9.2/../../../../avr/lib/avr6\libc.a(strnlen_P.o)
 .text.avr-libc
                0x00000000       0x16 c:/program files (x86)/atmel/studio/7.0/toolchain/avr8/avr8-gnu-toolchain/bin/../lib/gcc/avr/4.9.2/../../../../avr/lib/avr6\libc.a(strnlen_P.o)
 .text          0x00000000        0x0 c:/program files (x86)/atmel/studio/7.0/toolchain/avr8/avr8-gnu-toolchain/bin/../lib/gcc/avr/4.9.2/../../../../avr/lib/avr6\libc.a(strnlen.o)
 .data          0x00000000        0x0 c:/program files (x86)/atmel/studio/7.0/toolchain/avr8/avr8-gnu-toolchain/bin/../lib/gcc/avr/4.9.2/../../../../avr/lib/avr6\libc.a(strnlen.o)
 .bss           0x00000000        0x0 c:/program files (x86)/atmel/studio/7.0/toolchain/avr8/avr8-gnu-toolchain/bin/../lib/gcc/avr/4.9.2/../../../../avr/lib/avr6\libc.a(strnlen.o)
 .text.avr-libc
                0x00000000       0x16 c:/program files (x86)/atmel/studio/7.0/toolchain/avr8/avr8-gnu-toolchain/bin/../lib/gcc/avr/4.9.2/../../../../avr/lib/avr6\libc.a(strnlen.o)
 .text          0x00000000        0x0 c:/program files (x86)/atmel/studio/7.0/toolchain/avr8/avr8-gnu-toolchain/bin/../lib/gcc/avr/4.9.2/../../../../avr/lib/avr6\libc.a(strrev.o)
 .data          0x00000000        0x0 c:/program files (x86)/atmel/studio/7.0/toolchain/avr8/avr8-gnu-toolchain/bin/../lib/gcc/avr/4.9.2/../../../../avr/lib/avr6\libc.a(strrev.o)
 .bss           0x00000000        0x0 c:/program files (x86)/atmel/studio/7.0/toolchain/avr8/avr8-gnu-toolchain/bin/../lib/gcc/avr/4.9.2/../../../../avr/lib/avr6\libc.a(strrev.o)
 .text          0x00000000        0x0 c:/program files (x86)/atmel/studio/7.0/toolchain/avr8/avr8-gnu-toolchain/bin/../lib/gcc/avr/4.9.2/../../../../avr/lib/avr6\libc.a(fputc.o)
 .data          0x00000000        0x0 c:/program files (x86)/atmel/studio/7.0/toolchain/avr8/avr8-gnu-toolchain/bin/../lib/gcc/avr/4.9.2/../../../../avr/lib/avr6\libc.a(fputc.o)
 .bss           0x00000000        0x0 c:/program files (x86)/atmel/studio/7.0/toolchain/avr8/avr8-gnu-toolchain/bin/../lib/gcc/avr/4.9.2/../../../../avr/lib/avr6\libc.a(fputc.o)
 .text.avr-libc
                0x00000000       0x70 c:/program files (x86)/atmel/studio/7.0/toolchain/avr8/avr8-gnu-toolchain/bin/../lib/gcc/avr/4.9.2/../../../../avr/lib/avr6\libc.a(fputc.o)
 .comment       0x00000000       0x31 c:/program files (x86)/atmel/studio/7.0/toolchain/avr8/avr8-gnu-toolchain/bin/../lib/gcc/avr/4.9.2/../../../../avr/lib/avr6\libc.a(fputc.o)
 .text          0x00000000        0x0 c:/program files (x86)/atmel/studio/7.0/toolchain/avr8/avr8-gnu-toolchain/bin/../lib/gcc/avr/4.9.2/../../../../avr/lib/avr6\libc.a(ultoa_invert.o)
 .data          0x00000000        0x0 c:/program files (x86)/atmel/studio/7.0/toolchain/avr8/avr8-gnu-toolchain/bin/../lib/gcc/avr/4.9.2/../../../../avr/lib/avr6\libc.a(ultoa_invert.o)
 .bss           0x00000000        0x0 c:/program files (x86)/atmel/studio/7.0/toolchain/avr8/avr8-gnu-toolchain/bin/../lib/gcc/avr/4.9.2/../../../../avr/lib/avr6\libc.a(ultoa_invert.o)
 .text.avr-libc
                0x00000000       0xbc c:/program files (x86)/atmel/studio/7.0/toolchain/avr8/avr8-gnu-toolchain/bin/../lib/gcc/avr/4.9.2/../../../../avr/lib/avr6\libc.a(ultoa_invert.o)

Memory Configuration

Name             Origin             Length             Attributes
text             0x00000000         0x00100000         xr
data             0x00800200         0x0000fe00         rw !x
eeprom           0x00810000         0x00010000         rw !x
fuse             0x00820000         0x00000400         rw !x
lock             0x00830000         0x00000400         rw !x
signature        0x00840000         0x00000400         rw !x
user_signatures  0x00850000         0x00000400         rw !x
*default*        0x00000000         0xffffffff

Linker script and memory map

Address of section .data set to 0x800200
LOAD C:/Program Files (x86)/Atmel/Studio/7.0/Packs/atmel/ATmega_DFP/1.0.106/gcc/dev/atmega2560/avr6/crtatmega2560.o
LOAD main.o
LOAD mylib/adc_library.o
LOAD mylib/diagnostic.o
LOAD mylib/lcdpcf8574.o
LOAD mylib/pcf8574.o
LOAD mylib/pwm_library.o
LOAD mylib/twimaster.o
LOAD mylib/usart_library.o
START GROUP
LOAD c:/program files (x86)/atmel/studio/7.0/toolchain/avr8/avr8-gnu-toolchain/bin/../lib/gcc/avr/4.9.2/../../../../avr/lib/avr6\libm.a
END GROUP
START GROUP
LOAD c:/program files (x86)/atmel/studio/7.0/toolchain/avr8/avr8-gnu-toolchain/bin/../lib/gcc/avr/4.9.2/avr6\libgcc.a
LOAD c:/program files (x86)/atmel/studio/7.0/toolchain/avr8/avr8-gnu-toolchain/bin/../lib/gcc/avr/4.9.2/../../../../avr/lib/avr6\libm.a
LOAD c:/program files (x86)/atmel/studio/7.0/toolchain/avr8/avr8-gnu-toolchain/bin/../lib/gcc/avr/4.9.2/../../../../avr/lib/avr6\libc.a
LOAD C:/Program Files (x86)/Atmel/Studio/7.0/Packs/atmel/ATmega_DFP/1.0.106/gcc/dev/atmega2560/avr6\libatmega2560.a
END GROUP
                0x00100000                __TEXT_REGION_LENGTH__ = DEFINED (__TEXT_REGION_LENGTH__)?__TEXT_REGION_LENGTH__:0x100000
                0x0000fe00                __DATA_REGION_LENGTH__ = DEFINED (__DATA_REGION_LENGTH__)?__DATA_REGION_LENGTH__:0xfe00
                0x00010000                __EEPROM_REGION_LENGTH__ = DEFINED (__EEPROM_REGION_LENGTH__)?__EEPROM_REGION_LENGTH__:0x10000
                0x00000400                __FUSE_REGION_LENGTH__ = DEFINED (__FUSE_REGION_LENGTH__)?__FUSE_REGION_LENGTH__:0x400
                0x00000400                __LOCK_REGION_LENGTH__ = DEFINED (__LOCK_REGION_LENGTH__)?__LOCK_REGION_LENGTH__:0x400
                0x00000400                __SIGNATURE_REGION_LENGTH__ = DEFINED (__SIGNATURE_REGION_LENGTH__)?__SIGNATURE_REGION_LENGTH__:0x400
                0x00000400                __USER_SIGNATURE_REGION_LENGTH__ = DEFINED (__USER_SIGNATURE_REGION_LENGTH__)?__USER_SIGNATURE_REGION_LENGTH__:0x400

.hash
 *(.hash)

.dynsym
 *(.dynsym)

.dynstr
 *(.dynstr)

.gnu.version
 *(.gnu.version)

.gnu.version_d
 *(.gnu.version_d)

.gnu.version_r
 *(.gnu.version_r)

.rel.init
 *(.rel.init)

.rela.init
 *(.rela.init)

.rel.text
 *(.rel.text)
 *(.rel.text.*)
 *(.rel.gnu.linkonce.t*)

.rela.text
 *(.rela.text)
 *(.rela.text.*)
 *(.rela.gnu.linkonce.t*)

.rel.fini
 *(.rel.fini)

.rela.fini
 *(.rela.fini)

.rel.rodata
 *(.rel.rodata)
 *(.rel.rodata.*)
 *(.rel.gnu.linkonce.r*)

.rela.rodata
 *(.rela.rodata)
 *(.rela.rodata.*)
 *(.rela.gnu.linkonce.r*)

.rel.data
 *(.rel.data)
 *(.rel.data.*)
 *(.rel.gnu.linkonce.d*)

.rela.data
 *(.rela.data)
 *(.rela.data.*)
 *(.rela.gnu.linkonce.d*)

.rel.ctors
 *(.rel.ctors)

.rela.ctors
 *(.rela.ctors)

.rel.dtors
 *(.rel.dtors)

.rela.dtors
 *(.rela.dtors)

.rel.got
 *(.rel.got)

.rela.got
 *(.rela.got)

.rel.bss
 *(.rel.bss)

.rela.bss
 *(.rela.bss)

.rel.plt
 *(.rel.plt)

.rela.plt
 *(.rela.plt)

.text           0x00000000     0x10c6
 *(.vectors)
 .vectors       0x00000000       0xe4 C:/Program Files (x86)/Atmel/Studio/7.0/Packs/atmel/ATmega_DFP/1.0.106/gcc/dev/atmega2560/avr6/crtatmega2560.o
                0x00000000                __vector_default
                0x00000000                __vectors
 *(.vectors)
 *(.progmem.gcc*)
                0x000000e4                . = ALIGN (0x2)
                0x000000e4                __trampolines_start = .
 *(.trampolines)
 .trampolines   0x000000e4        0x0 linker stubs
 *(.trampolines*)
                0x000000e4                __trampolines_end = .
 *libprintf_flt.a:*(.progmem.data)
 *libc.a:*(.progmem.data)
 *(.progmem*)
                0x000000e4                . = ALIGN (0x2)
 *(.jumptables)
 *(.jumptables*)
 *(.lowtext)
 *(.lowtext*)
                0x000000e4                __ctors_start = .
 *(.ctors)
                0x000000e4                __ctors_end = .
                0x000000e4                __dtors_start = .
 *(.dtors)
                0x000000e4                __dtors_end = .
 SORT(*)(.ctors)
 SORT(*)(.dtors)
 *(.init0)
 .init0         0x000000e4        0x0 C:/Program Files (x86)/Atmel/Studio/7.0/Packs/atmel/ATmega_DFP/1.0.106/gcc/dev/atmega2560/avr6/crtatmega2560.o
                0x000000e4                __init
 *(.init0)
 *(.init1)
 *(.init1)
 *(.init2)
 .init2         0x000000e4       0x10 C:/Program Files (x86)/Atmel/Studio/7.0/Packs/atmel/ATmega_DFP/1.0.106/gcc/dev/atmega2560/avr6/crtatmega2560.o
 *(.init2)
 *(.init3)
 *(.init3)
 *(.init4)
 .init4         0x000000f4       0x1a c:/program files (x86)/atmel/studio/7.0/toolchain/avr8/avr8-gnu-toolchain/bin/../lib/gcc/avr/4.9.2/avr6\libgcc.a(_copy_data.o)
                0x000000f4                __do_copy_data
 .init4         0x0000010e       0x10 c:/program files (x86)/atmel/studio/7.0/toolchain/avr8/avr8-gnu-toolchain/bin/../lib/gcc/avr/4.9.2/avr6\libgcc.a(_clear_bss.o)
                0x0000010e                __do_clear_bss
 *(.init4)
 *(.init5)
 *(.init5)
 *(.init6)
 *(.init6)
 *(.init7)
 *(.init7)
 *(.init8)
 *(.init8)
 *(.init9)
 .init9         0x0000011e        0x4 C:/Program Files (x86)/Atmel/Studio/7.0/Packs/atmel/ATmega_DFP/1.0.106/gcc/dev/atmega2560/avr6/crtatmega2560.o
 *(.init9)
 *(.text)
 .text          0x00000122        0x2 C:/Program Files (x86)/Atmel/Studio/7.0/Packs/atmel/ATmega_DFP/1.0.106/gcc/dev/atmega2560/avr6/crtatmega2560.o
                0x00000122                __vector_38
                0x00000122                __vector_22
                0x00000122                __vector_28
                0x00000122                __vector_1
                0x00000122                __vector_32
                0x00000122                __vector_34
                0x00000122                __vector_24
                0x00000122                __vector_12
                0x00000122                __vector_55
                0x00000122                __vector_46
                0x00000122                __bad_interrupt
                0x00000122                __vector_6
                0x00000122                __vector_31
                0x00000122                __vector_35
                0x00000122                __vector_39
                0x00000122                __vector_23
                0x00000122                __vector_30
                0x00000122                __vector_45
                0x00000122                __vector_25
                0x00000122                __vector_11
                0x00000122                __vector_54
                0x00000122                __vector_13
                0x00000122                __vector_19
                0x00000122                __vector_56
                0x00000122                __vector_7
                0x00000122                __vector_49
                0x00000122                __vector_41
                0x00000122                __vector_43
                0x00000122                __vector_27
                0x00000122                __vector_33
                0x00000122                __vector_47
                0x00000122                __vector_52
                0x00000122                __vector_37
                0x00000122                __vector_44
                0x00000122                __vector_51
                0x00000122                __vector_9
                0x00000122                __vector_2
                0x00000122                __vector_21
                0x00000122                __vector_15
                0x00000122                __vector_36
                0x00000122                __vector_40
                0x00000122                __vector_8
                0x00000122                __vector_26
                0x00000122                __vector_48
                0x00000122                __vector_14
                0x00000122                __vector_53
                0x00000122                __vector_10
                0x00000122                __vector_50
                0x00000122                __vector_16
                0x00000122                __vector_18
                0x00000122                __vector_20
                0x00000122                __vector_42
                0x00000124                . = ALIGN (0x2)
 *(.text.*)
 .text.Initializse_LCD
                0x00000124        0xc main.o
                0x00000124                Initializse_LCD
 .text.Update_LCD
                0x00000130       0xa0 main.o
                0x00000130                Update_LCD
 .text.InitialiseGeneral
                0x000001d0        0xe main.o
                0x000001d0                InitialiseGeneral
 .text.InitialiseTimer1
                0x000001de       0x2a main.o
                0x000001de                InitialiseTimer1
 .text.update_channel_led
                0x00000208       0x3a main.o
                0x00000208                update_channel_led
 .text.update_led_state
                0x00000242       0x54 main.o
                0x00000242                update_led_state
 .text.update_mode_data
                0x00000296       0xb6 main.o
                0x00000296                update_mode_data
 .text.__vector_17
                0x0000034c       0x4e main.o
                0x0000034c                __vector_17
 .text.__vector_29
                0x0000039a       0x52 main.o
                0x0000039a                __vector_29
 .text.Initialise_Btn_INTs
                0x000003ec       0x14 main.o
                0x000003ec                Initialise_Btn_INTs
 .text.main     0x00000400       0x60 main.o
                0x00000400                main
 .text.toggle_mode_change
                0x00000460       0x58 main.o
                0x00000460                toggle_mode_change
 .text.__vector_4
                0x000004b8       0x5a main.o
                0x000004b8                __vector_4
 .text.toggle_channel_pwmFreq_switch
                0x00000512      0x144 main.o
                0x00000512                toggle_channel_pwmFreq_switch
 .text.__vector_5
                0x00000656       0x66 main.o
                0x00000656                __vector_5
 .text.toggle_start_stop_evt
                0x000006bc       0x98 main.o
                0x000006bc                toggle_start_stop_evt
 .text.__vector_3
                0x00000754       0x60 main.o
                0x00000754                __vector_3
 .text.startADC
                0x000007b4       0x12 mylib/adc_library.o
                0x000007b4                startADC
 .text.stopADC  0x000007c6       0x12 mylib/adc_library.o
                0x000007c6                stopADC
 .text.setSamplerateADC
                0x000007d8       0x40 mylib/adc_library.o
                0x000007d8                setSamplerateADC
 .text.Initialise_ADC
                0x00000818       0x24 mylib/adc_library.o
                0x00000818                Initialise_ADC
 .text.lcd_read
                0x0000083c       0x68 mylib/lcdpcf8574.o
 .text.lcd_waitbusy
                0x000008a4       0x16 mylib/lcdpcf8574.o
 .text.toggle_e
                0x000008ba       0x10 mylib/lcdpcf8574.o
 .text.lcd_write
                0x000008ca      0x138 mylib/lcdpcf8574.o
 .text.lcd_command
                0x00000a02       0x10 mylib/lcdpcf8574.o
                0x00000a02                lcd_command
 .text.lcd_gotoxy
                0x00000a12       0x10 mylib/lcdpcf8574.o
                0x00000a12                lcd_gotoxy
 .text.lcd_clrscr
                0x00000a22        0x6 mylib/lcdpcf8574.o
                0x00000a22                lcd_clrscr
 .text.lcd_led  0x00000a28       0x24 mylib/lcdpcf8574.o
                0x00000a28                lcd_led
 .text.lcd_home
                0x00000a4c        0x6 mylib/lcdpcf8574.o
                0x00000a4c                lcd_home
 .text.lcd_putc
                0x00000a52       0x3c mylib/lcdpcf8574.o
                0x00000a52                lcd_putc
 .text.lcd_puts
                0x00000a8e       0x1e mylib/lcdpcf8574.o
                0x00000a8e                lcd_puts
 .text.lcd_init
                0x00000aac       0x8a mylib/lcdpcf8574.o
                0x00000aac                lcd_init
 .text.pcf8574_init
                0x00000b36       0x20 mylib/pcf8574.o
                0x00000b36                pcf8574_init
 .text.pcf8574_getoutputpin
                0x00000b56       0x2e mylib/pcf8574.o
                0x00000b56                pcf8574_getoutputpin
 .text.pcf8574_setoutput
                0x00000b84       0x2c mylib/pcf8574.o
                0x00000b84                pcf8574_setoutput
 .text.pcf8574_setoutputpin
                0x00000bb0       0x68 mylib/pcf8574.o
                0x00000bb0                pcf8574_setoutputpin
 .text.pcf8574_setoutputpinhigh
                0x00000c18        0x6 mylib/pcf8574.o
                0x00000c18                pcf8574_setoutputpinhigh
 .text.pcf8574_setoutputpinlow
                0x00000c1e        0x6 mylib/pcf8574.o
                0x00000c1e                pcf8574_setoutputpinlow
 .text.enablePWM
                0x00000c24      0x2c0 mylib/pwm_library.o
                0x00000c24                enablePWM
 .text.i2c_init
                0x00000ee4        0xc mylib/twimaster.o
                0x00000ee4                i2c_init
 .text.i2c_start
                0x00000ef0       0x4e mylib/twimaster.o
                0x00000ef0                i2c_start
 .text.i2c_stop
                0x00000f3e       0x12 mylib/twimaster.o
                0x00000f3e                i2c_stop
 .text.i2c_write
                0x00000f50       0x24 mylib/twimaster.o
                0x00000f50                i2c_write
 .text.Initialise_Usart
                0x00000f74       0xba mylib/usart_library.o
                0x00000f74                Initialise_Usart
 .text.USART_TX_SingleByte
                0x0000102e       0x10 mylib/usart_library.o
                0x0000102e                USART_TX_SingleByte
 .text.avr-libc
                0x0000103e       0x1e c:/program files (x86)/atmel/studio/7.0/toolchain/avr8/avr8-gnu-toolchain/bin/../lib/gcc/avr/4.9.2/../../../../avr/lib/avr6\libc.a(strncpy.o)
                0x0000103e                strncpy
 .text.avr-libc
                0x0000105c       0x14 c:/program files (x86)/atmel/studio/7.0/toolchain/avr8/avr8-gnu-toolchain/bin/../lib/gcc/avr/4.9.2/../../../../avr/lib/avr6\libc.a(itoa_ncheck.o)
                0x0000105c                __itoa_ncheck
 .text.avr-libc
                0x00001070       0x32 c:/program files (x86)/atmel/studio/7.0/toolchain/avr8/avr8-gnu-toolchain/bin/../lib/gcc/avr/4.9.2/../../../../avr/lib/avr6\libc.a(utoa_ncheck.o)
                0x00001070                __utoa_ncheck
                0x00001072                __utoa_common
 .text.avr-libc
                0x000010a2       0x20 c:/program files (x86)/atmel/studio/7.0/toolchain/avr8/avr8-gnu-toolchain/bin/../lib/gcc/avr/4.9.2/../../../../avr/lib/avr6\libc.a(strrev.o)
                0x000010a2                strrev
                0x000010c2                . = ALIGN (0x2)
 *(.fini9)
 .fini9         0x000010c2        0x0 c:/program files (x86)/atmel/studio/7.0/toolchain/avr8/avr8-gnu-toolchain/bin/../lib/gcc/avr/4.9.2/avr6\libgcc.a(_exit.o)
                0x000010c2                _exit
                0x000010c2                exit
 *(.fini9)
 *(.fini8)
 *(.fini8)
 *(.fini7)
 *(.fini7)
 *(.fini6)
 *(.fini6)
 *(.fini5)
 *(.fini5)
 *(.fini4)
 *(.fini4)
 *(.fini3)
 *(.fini3)
 *(.fini2)
 *(.fini2)
 *(.fini1)
 *(.fini1)
 *(.fini0)
 .fini0         0x000010c2        0x4 c:/program files (x86)/atmel/studio/7.0/toolchain/avr8/avr8-gnu-toolchain/bin/../lib/gcc/avr/4.9.2/avr6\libgcc.a(_exit.o)
 *(.fini0)
                0x000010c6                _etext = .

.data           0x00800200      0x11a load address 0x000010c6
                0x00800200                PROVIDE (__data_start, .)
 *(.data)
 *(.data*)
 .data.channel_count
                0x00800200        0x1 main.o
                0x00800200                channel_count
 .data.goto_action
                0x00800201        0x1 main.o
                0x00800201                goto_action
 .data.mode_info
                0x00800202        0x2 main.o
 .data.sleep_info
                0x00800204       0x40 main.o
                0x00800204                sleep_info
 .data.pwm_info
                0x00800244       0x40 main.o
                0x00800244                pwm_info
 .data.adc_info
                0x00800284       0x40 main.o
                0x00800284                adc_info
 *(.rodata)
 *(.rodata*)
 .rodata.str1.1
                0x008002c4       0x55 main.o
                                 0x5d (size before relaxing)
 *(.gnu.linkonce.d*)
                0x0080031a                . = ALIGN (0x2)
 *fill*         0x00800319        0x1 
                0x0080031a                _edata = .
                0x0080031a                PROVIDE (__data_end, .)

.bss            0x0080031a      0x7dd
                0x0080031a                PROVIDE (__bss_start, .)
 *(.bss)
 *(.bss*)
 .bss.EVENT_MASK
                0x0080031a        0x1 main.o
 .bss.freq_count
                0x0080031b        0x1 main.o
                0x0080031b                freq_count
 .bss.cur_mode  0x0080031c        0x1 main.o
                0x0080031c                cur_mode
 .bss.dataport  0x0080031d        0x1 mylib/lcdpcf8574.o
                0x0080031d                dataport
 *(COMMON)
 COMMON         0x0080031e      0x7d9 main.o
                0x0080031e                g_iCheckPointArrayIndex
                0x0080031f                pcf8574_pinstatus
                0x00800327                g_iCheckpointArray
                0x00800af7                PROVIDE (__bss_end, .)
                0x000010c6                __data_load_start = LOADADDR (.data)
                0x000011e0                __data_load_end = (__data_load_start + SIZEOF (.data))

.noinit         0x00800af7        0x0
                [!provide]                PROVIDE (__noinit_start, .)
 *(.noinit*)
                [!provide]                PROVIDE (__noinit_end, .)
                0x00800af7                _end = .
                [!provide]                PROVIDE (__heap_start, .)

.eeprom         0x00810000        0x0
 *(.eeprom*)
                0x00810000                __eeprom_end = .

.fuse
 *(.fuse)
 *(.lfuse)
 *(.hfuse)
 *(.efuse)

.lock
 *(.lock*)

.signature
 *(.signature*)

.user_signatures
 *(.user_signatures*)

.stab
 *(.stab)

.stabstr
 *(.stabstr)

.stab.excl
 *(.stab.excl)

.stab.exclstr
 *(.stab.exclstr)

.stab.index
 *(.stab.index)

.stab.indexstr
 *(.stab.indexstr)

.comment        0x00000000       0x30
 *(.comment)
 .comment       0x00000000       0x30 main.o
                                 0x31 (size before relaxing)
 .comment       0x00000030       0x31 mylib/adc_library.o
 .comment       0x00000030       0x31 mylib/lcdpcf8574.o
 .comment       0x00000030       0x31 mylib/pcf8574.o
 .comment       0x00000030       0x31 mylib/pwm_library.o
 .comment       0x00000030       0x31 mylib/twimaster.o
 .comment       0x00000030       0x31 mylib/usart_library.o

.note.gnu.avr.deviceinfo
                0x00000000       0x40
 .note.gnu.avr.deviceinfo
                0x00000000       0x40 C:/Program Files (x86)/Atmel/Studio/7.0/Packs/atmel/ATmega_DFP/1.0.106/gcc/dev/atmega2560/avr6/crtatmega2560.o

.note.gnu.build-id
 *(.note.gnu.build-id)

.debug
 *(.debug)

.line
 *(.line)

.debug_srcinfo
 *(.debug_srcinfo)

.debug_sfnames
 *(.debug_sfnames)

.debug_aranges  0x00000000      0x2c8
 *(.debug_aranges)
 .debug_aranges
                0x00000000       0xc0 main.o
 .debug_aranges
                0x000000c0       0x38 mylib/adc_library.o
 .debug_aranges
                0x000000f8       0x90 mylib/lcdpcf8574.o
 .debug_aranges
                0x00000188       0x68 mylib/pcf8574.o
 .debug_aranges
                0x000001f0       0x30 mylib/pwm_library.o
 .debug_aranges
                0x00000220       0x58 mylib/twimaster.o
 .debug_aranges
                0x00000278       0x50 mylib/usart_library.o

.debug_pubnames
 *(.debug_pubnames)

.debug_info     0x00000000     0x1ecf
 *(.debug_info .gnu.linkonce.wi.*)
 .debug_info    0x00000000      0xb45 main.o
 .debug_info    0x00000b45       0xd6 mylib/adc_library.o
 .debug_info    0x00000c1b      0x852 mylib/lcdpcf8574.o
 .debug_info    0x0000146d      0x55d mylib/pcf8574.o
 .debug_info    0x000019ca      0x120 mylib/pwm_library.o
 .debug_info    0x00001aea      0x1bd mylib/twimaster.o
 .debug_info    0x00001ca7      0x228 mylib/usart_library.o

.debug_abbrev   0x00000000      0xace
 *(.debug_abbrev)
 .debug_abbrev  0x00000000      0x319 main.o
 .debug_abbrev  0x00000319       0x78 mylib/adc_library.o
 .debug_abbrev  0x00000391      0x2b0 mylib/lcdpcf8574.o
 .debug_abbrev  0x00000641      0x1eb mylib/pcf8574.o
 .debug_abbrev  0x0000082c       0xa7 mylib/pwm_library.o
 .debug_abbrev  0x000008d3       0xe5 mylib/twimaster.o
 .debug_abbrev  0x000009b8      0x116 mylib/usart_library.o

.debug_line     0x00000000     0x1a5e
 *(.debug_line .debug_line.* .debug_line_end)
 .debug_line    0x00000000      0x807 main.o
 .debug_line    0x00000807      0x148 mylib/adc_library.o
 .debug_line    0x0000094f      0x4cb mylib/lcdpcf8574.o
 .debug_line    0x00000e1a      0x3aa mylib/pcf8574.o
 .debug_line    0x000011c4      0x3a8 mylib/pwm_library.o
 .debug_line    0x0000156c      0x2ca mylib/twimaster.o
 .debug_line    0x00001836      0x228 mylib/usart_library.o

.debug_frame    0x00000000      0x6d8
 *(.debug_frame)
 .debug_frame   0x00000000      0x2d4 main.o
 .debug_frame   0x000002d4       0x54 mylib/adc_library.o
 .debug_frame   0x00000328      0x154 mylib/lcdpcf8574.o
 .debug_frame   0x0000047c       0xe0 mylib/pcf8574.o
 .debug_frame   0x0000055c       0x44 mylib/pwm_library.o
 .debug_frame   0x000005a0       0xa0 mylib/twimaster.o
 .debug_frame   0x00000640       0x98 mylib/usart_library.o

.debug_str      0x00000000      0x88f
 *(.debug_str)
 .debug_str     0x00000000      0x4af main.o
                                0x4f5 (size before relaxing)
 .debug_str     0x000004af       0x17 mylib/adc_library.o
                                0x198 (size before relaxing)
 .debug_str     0x000004c6      0x153 mylib/lcdpcf8574.o
                                0x2f8 (size before relaxing)
 .debug_str     0x00000619      0x113 mylib/pcf8574.o
                                0x2ea (size before relaxing)
 .debug_str     0x0000072c       0x59 mylib/pwm_library.o
                                0x1ae (size before relaxing)
 .debug_str     0x00000785       0x4b mylib/twimaster.o
                                0x1cd (size before relaxing)
 .debug_str     0x000007d0       0xbf mylib/usart_library.o
                                0x23c (size before relaxing)

.debug_loc      0x00000000     0x16a0
 *(.debug_loc)
 .debug_loc     0x00000000      0x66e main.o
 .debug_loc     0x0000066e       0x85 mylib/adc_library.o
 .debug_loc     0x000006f3      0x5bb mylib/lcdpcf8574.o
 .debug_loc     0x00000cae      0x6f6 mylib/pcf8574.o
 .debug_loc     0x000013a4      0x100 mylib/pwm_library.o
 .debug_loc     0x000014a4      0x12d mylib/twimaster.o
 .debug_loc     0x000015d1       0xcf mylib/usart_library.o

.debug_macinfo
 *(.debug_macinfo)

.debug_weaknames
 *(.debug_weaknames)

.debug_funcnames
 *(.debug_funcnames)

.debug_typenames
 *(.debug_typenames)

.debug_varnames
 *(.debug_varnames)

.debug_pubtypes
 *(.debug_pubtypes)

.debug_ranges   0x00000000      0x270
 *(.debug_ranges)
 .debug_ranges  0x00000000       0xb0 main.o
 .debug_ranges  0x000000b0       0x28 mylib/adc_library.o
 .debug_ranges  0x000000d8       0x98 mylib/lcdpcf8574.o
 .debug_ranges  0x00000170       0x58 mylib/pcf8574.o
 .debug_ranges  0x000001c8       0x20 mylib/pwm_library.o
 .debug_ranges  0x000001e8       0x48 mylib/twimaster.o
 .debug_ranges  0x00000230       0x40 mylib/usart_library.o

.debug_macro
 *(.debug_macro)
OUTPUT(IO_WA.elf elf32-avr)
LOAD linker stubs
